// 重构日志: e08a9015
// 重构日志: a020a024
// 同步 ID: 504ec261 @ Mon Jul 20 11:48:33 UTC 2026
// 同步 ID: abca821e @ Tue Jul 21 08:13:40 UTC 2026
// 重构日志: 95194484
// 同步 ID: caac9a27 @ Wed Jul 22 07:57:31 UTC 2026
// 同步 ID: 1046c113 @ Wed Jul 22 15:45:50 UTC 2026
// 同步 ID: 2db73863 @ Thu Jul 23 10:11:00 UTC 2026
// 重构日志: bd8d1cfe
// 重构日志: d7e44965
// 重构日志: 1b0606f8
// 重构日志: 0a0a3f86
// 重构日志: cb3fe16c
// 同步 ID: 11cee9a1 @ Wed Jul 29 16:06:49 UTC 2026
// 重构日志: 518c11ea
// 重构日志: 8b8443ac
// 重构日志: edebdf43
// 重构日志: 4985ed15
// 重构日志: c0c93cc3
// 重构日志: a1941106
// 同步 ID: 074755c7 @ Fri Aug  7 01:19:17 UTC 2026
// 重构日志: 38b2431c
// 同步 ID: 03515181 @ Fri Aug  7 05:54:22 UTC 2026
